<html>
    <div class="gx-table">
        <a class="gx-tree">
            <i>
                <span class="gx-iicon"></span>
            </i>
        </a>
    </div>
    <div class="gx-table">
        <a class="gx-tree">
            <i>
                <span class="gx-iicon"></span>
            </i>
        </a>
    </div>
    <div class="gx-table">
        <a class="gx-tree">
            <i>
                <span class="gx-iicon"></span>
            </i>
        </a>
    </div>
</html>
